******************************************************************************
                  TI ARM Linker PC v20.2.7                     
******************************************************************************
>> Linked Tue Dec 17 18:52:12 2024

OUTPUT FILE NAME:   <PeriodicTimerExample.out>
ENTRY POINT SYMBOL: "_c_int00_noargs"  address: 00000a21


MEMORY CONFIGURATION

         name            origin    length      used     unused   attr    fill
----------------------  --------  ---------  --------  --------  ----  --------
  FLASH                 00000000   00040000  00000caa  0003f356  R  X
  SRAM                  20000000   00008000  0000047c  00007b84  RW X


SEGMENT ALLOCATION MAP

run origin  load origin   length   init length attrs members
----------  ----------- ---------- ----------- ----- -------
00000000    00000000    00000cb0   00000cb0    r-x
  00000000    00000000    0000026c   0000026c    r-- .intvecs
  0000026c    0000026c    000008d2   000008d2    r-x .text
  00000b40    00000b40    00000134   00000134    r-- .const
  00000c78    00000c78    00000038   00000038    r-- .cinit
20000000    20000000    00000480   00000000    rw-
  20000000    20000000    0000026c   00000000    rw- .vtable
  20000270    20000270    00000200   00000000    rw- .stack
  20000470    20000470    00000010   00000000    rw- .data


SECTION ALLOCATION MAP

 output                                  attributes/
section   page    origin      length       input sections
--------  ----  ----------  ----------   ----------------
.intvecs   0    00000000    0000026c     
                  00000000    0000026c     tm4c123gh6pm_startup_ccs.obj (.intvecs)

.text      0    0000026c    000008d2     
                  0000026c    0000016c     driverlib.lib : gpio.obj (.text:GPIOPadConfigSet)
                  000003d8    00000118                   : sysctl.obj (.text:SysCtlClockGet)
                  000004f0    000000f4                   : sysctl.obj (.text:SysCtlClockSet)
                  000005e4    000000d8     main.obj (.text)
                  000006bc    0000009c     rtsv7M4_T_le_v4SPD16_eabi.lib : memcpy_t2.asm.obj (.text)
                  00000758    00000068     driverlib.lib : interrupt.obj (.text:IntDisable)
                  000007c0    00000068                   : interrupt.obj (.text:IntEnable)
                  00000828    00000068     rtsv7M4_T_le_v4SPD16_eabi.lib : copy_decompress_lzss.c.obj (.text:decompress:lzss:__TI_decompress_lzss)
                  00000890    00000060     driverlib.lib : timer.obj (.text:TimerConfigure)
                  000008f0    0000004c                   : timer.obj (.text:_TimerIntNumberGet)
                  0000093c    00000044     rtsv7M4_T_le_v4SPD16_eabi.lib : autoinit.c.obj (.text:__TI_auto_init_nobinit_nopinit:__TI_auto_init_nobinit_nopinit)
                  00000980    00000038     driverlib.lib : sysctl.obj (.text:SysCtlPeripheralReady)
                  000009b8    00000034                   : interrupt.obj (.text:IntRegister)
                  000009ec    00000034                   : sysctl.obj (.text:SysCtlPeripheralEnable)
                  00000a20    00000034     rtsv7M4_T_le_v4SPD16_eabi.lib : boot_cortex_m.c.obj (.text:_c_int00_noargs:_c_int00_noargs)
                  00000a54    0000002c     driverlib.lib : gpio.obj (.text:GPIODirModeSet)
                  00000a80    0000001c     rtsv7M4_T_le_v4SPD16_eabi.lib : copy_zero_init.c.obj (.text:decompress:ZI:__TI_zero_init_nomemset:__TI_zero_init_nomemset)
                  00000a9c    0000001a     driverlib.lib : gpio.obj (.text:GPIOPinTypeGPIOOutput)
                  00000ab6    00000018                   : timer.obj (.text:TimerIntRegister)
                  00000ace    00000012                   : timer.obj (.text:TimerLoadSet)
                  00000ae0    00000010                   : interrupt.obj (.text:IntMasterEnable)
                  00000af0    0000000e                   : timer.obj (.text:TimerEnable)
                  00000afe    0000000e     rtsv7M4_T_le_v4SPD16_eabi.lib : copy_decompress_none.c.obj (.text:decompress:none:__TI_decompress_none)
                  00000b0c    0000000c     driverlib.lib : cpu.obj (.text:CPUcpsie)
                  00000b18    0000000c     tm4c123gh6pm_startup_ccs.obj (.text)
                  00000b24    00000008     driverlib.lib : timer.obj (.text:TimerIntEnable)
                  00000b2c    00000006                   : sysctl.obj (.text:SysCtlDelay)
                  00000b32    00000004                   : timer.obj (.text:TimerIntClear)
                  00000b36    00000004     rtsv7M4_T_le_v4SPD16_eabi.lib : pre_init.c.obj (.text:_system_pre_init)
                  00000b3a    00000004                                   : exit.c.obj (.text:abort:abort)

.const     0    00000b40    00000134     
                  00000b40    0000006c     driverlib.lib : sysctl.obj (.const:g_pui32Xtals)
                  00000bac    00000060                   : timer.obj (.const:g_ppui32TimerIntMap)
                  00000c0c    00000040                   : timer.obj (.const:g_ppui32TimerIntMapSnowflake)
                  00000c4c    00000014                   : interrupt.obj (.const:g_pui32Dii16Regs)
                  00000c60    00000014                   : interrupt.obj (.const:g_pui32EnRegs)

.cinit     0    00000c78    00000038     
                  00000c78    00000010     (.cinit..data.load) [load image, compression = lzss]
                  00000c88    0000000c     (__TI_handler_table)
                  00000c94    00000004     --HOLE-- [fill = 0]
                  00000c98    00000008     (.cinit..vtable.load) [load image, compression = zero_init]
                  00000ca0    00000010     (__TI_cinit_table)

.init_array 
*          0    00000000    00000000     UNINITIALIZED

.vtable    0    20000000    0000026c     UNINITIALIZED
                  20000000    0000026c     driverlib.lib : interrupt.obj (.vtable)

.data      0    20000470    00000010     UNINITIALIZED
                  20000470    00000010     main.obj (.data)

.stack     0    20000270    00000200     UNINITIALIZED
                  20000270    00000004     rtsv7M4_T_le_v4SPD16_eabi.lib : boot_cortex_m.c.obj (.stack)
                  20000274    000001fc     --HOLE--

__llvm_prf_cnts 
*          0    20000000    00000000     UNINITIALIZED

MODULE SUMMARY

       Module                         code   ro data   rw data
       ------                         ----   -------   -------
    .\
       tm4c123gh6pm_startup_ccs.obj   12     620       0      
       main.obj                       216    0         16     
    +--+------------------------------+------+---------+---------+
       Total:                         228    620       16     
                                                              
    C:/ti/TivaWare_C_Series-2.2.0.295/driverlib/ccs/Debug/driverlib.lib
       interrupt.obj                  276    40        620    
       sysctl.obj                     638    108       0      
       gpio.obj                       434    0         0      
       timer.obj                      240    160       0      
       cpu.obj                        12     0         0      
    +--+------------------------------+------+---------+---------+
       Total:                         1600   308       620    
                                                              
    C:\ti\ccs1220\ccs\tools\compiler\ti-cgt-arm_20.2.7.LTS\lib\rtsv7M4_T_le_v4SPD16_eabi.lib
       memcpy_t2.asm.obj              156    0         0      
       copy_decompress_lzss.c.obj     104    0         0      
       autoinit.c.obj                 68     0         0      
       boot_cortex_m.c.obj            52     0         0      
       copy_zero_init.c.obj           28     0         0      
       copy_decompress_none.c.obj     14     0         0      
       exit.c.obj                     4      0         0      
       pre_init.c.obj                 4      0         0      
    +--+------------------------------+------+---------+---------+
       Total:                         430    0         0      
                                                              
       Stack:                         0      0         512    
       Linker Generated:              0      52        0      
    +--+------------------------------+------+---------+---------+
       Grand Total:                   2258   980       1148   


LINKER GENERATED COPY TABLES

__TI_cinit_table @ 00000ca0 records: 2, size/record: 8, table size: 16
	.data: load addr=00000c78, load size=00000010 bytes, run addr=20000470, run size=00000010 bytes, compression=lzss
	.vtable: load addr=00000c98, load size=00000008 bytes, run addr=20000000, run size=0000026c bytes, compression=zero_init


LINKER GENERATED HANDLER TABLE

__TI_handler_table @ 00000c88 records: 3, size/record: 4, table size: 12
	index: 0, handler: __TI_zero_init
	index: 1, handler: __TI_decompress_lzss
	index: 2, handler: __TI_decompress_none


GLOBAL SYMBOLS: SORTED ALPHABETICALLY BY Name 

address   name                          
-------   ----                          
00000b3b  C$$EXIT                       
00000b0d  CPUcpsie                      
00000a55  GPIODirModeSet                
0000026d  GPIOPadConfigSet              
00000a9d  GPIOPinTypeGPIOOutput         
00000759  IntDisable                    
000007c1  IntEnable                     
00000ae1  IntMasterEnable               
000009b9  IntRegister                   
00000b19  ResetISR                      
20000471  Running                       
000003d9  SysCtlClockGet                
000004f1  SysCtlClockSet                
00000b2d  SysCtlDelay                   
000009ed  SysCtlPeripheralEnable        
00000981  SysCtlPeripheralReady         
00000677  Timer0IntHandler              
00000891  TimerConfigure                
00000af1  TimerEnable                   
00000b33  TimerIntClear                 
00000b25  TimerIntEnable                
00000ab7  TimerIntRegister              
00000acf  TimerLoadSet                  
20000470  __STACK_END                   
00000200  __STACK_SIZE                  
20000470  __STACK_TOP                   
00000ca0  __TI_CINIT_Base               
00000cb0  __TI_CINIT_Limit              
00000c88  __TI_Handler_Table_Base       
00000c94  __TI_Handler_Table_Limit      
0000093d  __TI_auto_init_nobinit_nopinit
00000829  __TI_decompress_lzss          
00000aff  __TI_decompress_none          
ffffffff  __TI_pprof_out_hndl           
ffffffff  __TI_prof_data_size           
ffffffff  __TI_prof_data_start          
00000000  __TI_static_base__            
00000a81  __TI_zero_init_nomemset       
000006bd  __aeabi_memcpy                
000006bd  __aeabi_memcpy4               
000006bd  __aeabi_memcpy8               
ffffffff  __binit__                     
ffffffff  __c_args__                    
UNDEFED   __mpu_init                    
20000270  __stack                       
20000000  __start___llvm_prf_cnts       
20000000  __stop___llvm_prf_cnts        
00000a21  _c_int00_noargs               
UNDEFED   _system_post_cinit            
00000b37  _system_pre_init              
00000b3b  abort                         
ffffffff  binit                         
20000000  g_pfnRAMVectors               
00000000  g_pfnVectors                  
20000470  interrupt_count               
20000478  loopcount                     
000005e5  main                          
000006bd  memcpy                        


GLOBAL SYMBOLS: SORTED BY Symbol Address 

address   name                          
-------   ----                          
00000000  __TI_static_base__            
00000000  g_pfnVectors                  
00000200  __STACK_SIZE                  
0000026d  GPIOPadConfigSet              
000003d9  SysCtlClockGet                
000004f1  SysCtlClockSet                
000005e5  main                          
00000677  Timer0IntHandler              
000006bd  __aeabi_memcpy                
000006bd  __aeabi_memcpy4               
000006bd  __aeabi_memcpy8               
000006bd  memcpy                        
00000759  IntDisable                    
000007c1  IntEnable                     
00000829  __TI_decompress_lzss          
00000891  TimerConfigure                
0000093d  __TI_auto_init_nobinit_nopinit
00000981  SysCtlPeripheralReady         
000009b9  IntRegister                   
000009ed  SysCtlPeripheralEnable        
00000a21  _c_int00_noargs               
00000a55  GPIODirModeSet                
00000a81  __TI_zero_init_nomemset       
00000a9d  GPIOPinTypeGPIOOutput         
00000ab7  TimerIntRegister              
00000acf  TimerLoadSet                  
00000ae1  IntMasterEnable               
00000af1  TimerEnable                   
00000aff  __TI_decompress_none          
00000b0d  CPUcpsie                      
00000b19  ResetISR                      
00000b25  TimerIntEnable                
00000b2d  SysCtlDelay                   
00000b33  TimerIntClear                 
00000b37  _system_pre_init              
00000b3b  C$$EXIT                       
00000b3b  abort                         
00000c88  __TI_Handler_Table_Base       
00000c94  __TI_Handler_Table_Limit      
00000ca0  __TI_CINIT_Base               
00000cb0  __TI_CINIT_Limit              
20000000  __start___llvm_prf_cnts       
20000000  __stop___llvm_prf_cnts        
20000000  g_pfnRAMVectors               
20000270  __stack                       
20000470  __STACK_END                   
20000470  __STACK_TOP                   
20000470  interrupt_count               
20000471  Running                       
20000478  loopcount                     
ffffffff  __TI_pprof_out_hndl           
ffffffff  __TI_prof_data_size           
ffffffff  __TI_prof_data_start          
ffffffff  __binit__                     
ffffffff  __c_args__                    
ffffffff  binit                         
UNDEFED   __mpu_init                    
UNDEFED   _system_post_cinit            

[58 symbols]
