******************************************************************************
                  TI ARM Linker Unix v20.2.7                   
******************************************************************************
>> Linked Mon Dec 23 14:23:13 2024

OUTPUT FILE NAME:   <Test.out>
ENTRY POINT SYMBOL: "_c_int00_noinit_noargs"  address: 0000061d


MEMORY CONFIGURATION

         name            origin    length      used     unused   attr    fill
----------------------  --------  ---------  --------  --------  ----  --------
  FLASH                 00000000   00040000  00000716  0003f8ea  R  X
  SRAM                  20000000   00008000  00000200  00007e00  RW X


SEGMENT ALLOCATION MAP

run origin  load origin   length   init length attrs members
----------  ----------- ---------- ----------- ----- -------
00000000    00000000    00000718   00000718    r-x
  00000000    00000000    0000026c   0000026c    r-- .intvecs
  0000026c    0000026c    0000043e   0000043e    r-x .text
  000006ac    000006ac    0000006c   0000006c    r-- .const
20000000    20000000    00000200   00000000    rw-
  20000000    20000000    00000200   00000000    rw- .stack


SECTION ALLOCATION MAP

 output                                  attributes/
section   page    origin      length       input sections
--------  ----  ----------  ----------   ----------------
.intvecs   0    00000000    0000026c     
                  00000000    0000026c     tm4c123gh6pm_startup_ccs.obj (.intvecs)

.text      0    0000026c    0000043e     
                  0000026c    00000130     driverlib.lib : gpio.obj (.text:GPIOPadConfigSet)
                  0000039c    00000104                   : sysctl.obj (.text:SysCtlClockSet)
                  000004a0    000000c8                   : sysctl.obj (.text:SysCtlClockGet)
                  00000568    00000080     main.obj (.text)
                  000005e8    00000034     driverlib.lib : sysctl.obj (.text:SysCtlPeripheralEnable)
                  0000061c    0000002c     rtsv7M4_T_le_v4SPD16_eabi.lib : boot_cortex_m.c.obj (.text:_c_int00_noinit_noargs:_c_int00_noinit_noargs)
                  00000648    0000002a     driverlib.lib : gpio.obj (.text:GPIODirModeSet)
                  00000672    00000018                   : gpio.obj (.text:GPIOPinTypeGPIOOutput)
                  0000068a    0000000c     tm4c123gh6pm_startup_ccs.obj (.text)
                  00000696    00000006     driverlib.lib : gpio.obj (.text:GPIOPinWrite)
                  0000069c    00000006                   : sysctl.obj (.text:SysCtlDelay)
                  000006a2    00000004     rtsv7M4_T_le_v4SPD16_eabi.lib : pre_init.c.obj (.text:_system_pre_init)
                  000006a6    00000004                                   : exit.c.obj (.text:abort:abort)

.const     0    000006ac    0000006c     
                  000006ac    0000006c     driverlib.lib : sysctl.obj (.const:g_pui32Xtals)

.cinit     0    00000000    00000000     UNINITIALIZED

.init_array 
*          0    00000000    00000000     UNINITIALIZED

.stack     0    20000000    00000200     UNINITIALIZED
                  20000000    00000004     rtsv7M4_T_le_v4SPD16_eabi.lib : boot_cortex_m.c.obj (.stack)
                  20000004    000001fc     --HOLE--

__llvm_prf_cnts 
*          0    20000000    00000000     UNINITIALIZED

MODULE SUMMARY

       Module                         code   ro data   rw data
       ------                         ----   -------   -------
    ./
       tm4c123gh6pm_startup_ccs.obj   12     620       0      
       main.obj                       128    0         0      
    +--+------------------------------+------+---------+---------+
       Total:                         140    620       0      
                                                              
    /home/joel/ti/Tiva_C_Series/driverlib/ccs/Debug/driverlib.lib
       sysctl.obj                     518    108       0      
       gpio.obj                       376    0         0      
    +--+------------------------------+------+---------+---------+
       Total:                         894    108       0      
                                                              
    /home/joel/ti/ccs1281/ccs/tools/compiler/ti-cgt-arm_20.2.7.LTS/lib/rtsv7M4_T_le_v4SPD16_eabi.lib
       boot_cortex_m.c.obj            44     0         0      
       exit.c.obj                     4      0         0      
       pre_init.c.obj                 4      0         0      
    +--+------------------------------+------+---------+---------+
       Total:                         52     0         0      
                                                              
       Stack:                         0      0         512    
    +--+------------------------------+------+---------+---------+
       Grand Total:                   1086   728       512    


GLOBAL SYMBOLS: SORTED ALPHABETICALLY BY Name 

address   name                   
-------   ----                   
000006a7  C$$EXIT                
00000569  DelayMs                
00000649  GPIODirModeSet         
0000026d  GPIOPadConfigSet       
00000673  GPIOPinTypeGPIOOutput  
00000697  GPIOPinWrite           
0000068b  ResetISR               
000004a1  SysCtlClockGet         
0000039d  SysCtlClockSet         
0000069d  SysCtlDelay            
000005e9  SysCtlPeripheralEnable 
20000200  __STACK_END            
00000200  __STACK_SIZE           
20000200  __STACK_TOP            
ffffffff  __TI_pprof_out_hndl    
ffffffff  __TI_prof_data_size    
ffffffff  __TI_prof_data_start   
00000000  __TI_static_base__     
ffffffff  __binit__              
ffffffff  __c_args__             
UNDEFED   __mpu_init             
20000000  __stack                
20000000  __start___llvm_prf_cnts
20000000  __stop___llvm_prf_cnts 
0000061d  _c_int00_noinit_noargs 
000006a3  _system_pre_init       
000006a7  abort                  
ffffffff  binit                  
00000000  g_pfnVectors           
0000058b  main                   


GLOBAL SYMBOLS: SORTED BY Symbol Address 

address   name                   
-------   ----                   
00000000  __TI_static_base__     
00000000  g_pfnVectors           
00000200  __STACK_SIZE           
0000026d  GPIOPadConfigSet       
0000039d  SysCtlClockSet         
000004a1  SysCtlClockGet         
00000569  DelayMs                
0000058b  main                   
000005e9  SysCtlPeripheralEnable 
0000061d  _c_int00_noinit_noargs 
00000649  GPIODirModeSet         
00000673  GPIOPinTypeGPIOOutput  
0000068b  ResetISR               
00000697  GPIOPinWrite           
0000069d  SysCtlDelay            
000006a3  _system_pre_init       
000006a7  C$$EXIT                
000006a7  abort                  
20000000  __stack                
20000000  __start___llvm_prf_cnts
20000000  __stop___llvm_prf_cnts 
20000200  __STACK_END            
20000200  __STACK_TOP            
ffffffff  __TI_pprof_out_hndl    
ffffffff  __TI_prof_data_size    
ffffffff  __TI_prof_data_start   
ffffffff  __binit__              
ffffffff  __c_args__             
ffffffff  binit                  
UNDEFED   __mpu_init             

[30 symbols]
