******************************************************************************
                  TI ARM Linker PC v20.2.7                     
******************************************************************************
>> Linked Fri Dec 20 20:58:47 2024

OUTPUT FILE NAME:   <NetworkSwitchSimulation.out>
ENTRY POINT SYMBOL: "_c_int00_noinit_noargs"  address: 00000c4d


MEMORY CONFIGURATION

         name            origin    length      used     unused   attr    fill
----------------------  --------  ---------  --------  --------  ----  --------
  FLASH                 00000000   00040000  00000e80  0003f180  R  X
  SRAM                  20000000   00008000  00000200  00007e00  RW X


SEGMENT ALLOCATION MAP

run origin  load origin   length   init length attrs members
----------  ----------- ---------- ----------- ----- -------
00000000    00000000    00000e80   00000e80    r-x
  00000000    00000000    0000026c   0000026c    r-- .intvecs
  0000026c    0000026c    00000b18   00000b18    r-x .text
  00000d84    00000d84    000000fc   000000fc    r-- .const
20000000    20000000    00000200   00000000    rw-
  20000000    20000000    00000200   00000000    rw- .stack


SECTION ALLOCATION MAP

 output                                  attributes/
section   page    origin      length       input sections
--------  ----  ----------  ----------   ----------------
.intvecs   0    00000000    0000026c     
                  00000000    0000026c     tm4c123gh6pm_startup_ccs.obj (.intvecs)

.text      0    0000026c    00000b18     
                  0000026c    0000042c     PeripheralConfiguration.obj (.text)
                  00000698    0000016c     driverlib.lib : gpio.obj (.text:GPIOPadConfigSet)
                  00000804    00000118                   : sysctl.obj (.text:SysCtlClockGet)
                  0000091c    000000f4                   : sysctl.obj (.text:SysCtlClockSet)
                  00000a10    000000c4     Util.obj (.text)
                  00000ad4    0000004c     driverlib.lib : gpio.obj (.text:GPIOPinConfigure)
                  00000b20    0000004c                   : i2c.obj (.text:I2CMasterInitExpClk)
                  00000b6c    00000046                   : uart.obj (.text:UARTConfigSetExpClk)
                  00000bb2    00000002     --HOLE-- [fill = 0]
                  00000bb4    00000038                   : sysctl.obj (.text:SysCtlPeripheralReady)
                  00000bec    00000034                   : sysctl.obj (.text:SysCtlPeripheralEnable)
                  00000c20    0000002c                   : gpio.obj (.text:GPIODirModeSet)
                  00000c4c    0000002c     rtsv7M4_T_le_v4SPD16_eabi.lib : boot_cortex_m.c.obj (.text:_c_int00_noinit_noargs:_c_int00_noinit_noargs)
                  00000c78    00000020     driverlib.lib : uart.obj (.text:UARTDisable)
                  00000c98    00000020     main.obj (.text)
                  00000cb8    0000001a     driverlib.lib : gpio.obj (.text:GPIOPinTypeGPIOOutput)
                  00000cd2    00000016                   : gpio.obj (.text:GPIOPinTypeGPIOInput)
                  00000ce8    00000016                   : gpio.obj (.text:GPIOPinTypeI2C)
                  00000cfe    00000016                   : gpio.obj (.text:GPIOPinTypeI2CSCL)
                  00000d14    00000016                   : gpio.obj (.text:GPIOPinTypeUART)
                  00000d2a    00000014                   : uart.obj (.text:UARTEnable)
                  00000d3e    0000000c     tm4c123gh6pm_startup_ccs.obj (.text)
                  00000d4a    0000000a     driverlib.lib : i2c.obj (.text:I2CMasterEnable)
                  00000d54    0000000a                   : uart.obj (.text:UARTCharPut)
                  00000d5e    00000008                   : i2c.obj (.text:I2CMasterBusy)
                  00000d66    00000008                   : i2c.obj (.text:I2CMasterSlaveAddrSet)
                  00000d6e    00000006                   : sysctl.obj (.text:SysCtlDelay)
                  00000d74    00000004                   : i2c.obj (.text:I2CMasterControl)
                  00000d78    00000004                   : i2c.obj (.text:I2CMasterDataPut)
                  00000d7c    00000004     rtsv7M4_T_le_v4SPD16_eabi.lib : pre_init.c.obj (.text:_system_pre_init)
                  00000d80    00000004                                   : exit.c.obj (.text:abort:abort)

.const     0    00000d84    000000fc     
                  00000d84    00000090     driverlib.lib : gpio.obj (.const:g_pui32GPIOBaseAddrs)
                  00000e14    0000006c                   : sysctl.obj (.const:g_pui32Xtals)

.cinit     0    00000000    00000000     UNINITIALIZED

.init_array 
*          0    00000000    00000000     UNINITIALIZED

.stack     0    20000000    00000200     UNINITIALIZED
                  20000000    00000004     rtsv7M4_T_le_v4SPD16_eabi.lib : boot_cortex_m.c.obj (.stack)
                  20000004    000001fc     --HOLE--

__llvm_prf_cnts 
*          0    20000000    00000000     UNINITIALIZED

MODULE SUMMARY

       Module                         code   ro data   rw data
       ------                         ----   -------   -------
    .\src\
       PeripheralConfiguration.obj    1068   0         0      
       tm4c123gh6pm_startup_ccs.obj   12     620       0      
       Util.obj                       196    0         0      
       main.obj                       32     0         0      
    +--+------------------------------+------+---------+---------+
       Total:                         1308   620       0      
                                                              
    C:/ti/TivaWare_C_Series-2.2.0.295/driverlib/ccs/Debug/driverlib.lib
       sysctl.obj                     638    108       0      
       gpio.obj                       598    144       0      
       uart.obj                       132    0         0      
       i2c.obj                        110    0         0      
    +--+------------------------------+------+---------+---------+
       Total:                         1478   252       0      
                                                              
    C:\ti\ccs1220\ccs\tools\compiler\ti-cgt-arm_20.2.7.LTS\lib\rtsv7M4_T_le_v4SPD16_eabi.lib
       boot_cortex_m.c.obj            44     0         0      
       exit.c.obj                     4      0         0      
       pre_init.c.obj                 4      0         0      
    +--+------------------------------+------+---------+---------+
       Total:                         52     0         0      
                                                              
       Stack:                         0      0         512    
    +--+------------------------------+------+---------+---------+
       Grand Total:                   2838   872       512    


GLOBAL SYMBOLS: SORTED ALPHABETICALLY BY Name 

address   name                   
-------   ----                   
00000d81  C$$EXIT                
00000493  ConfigureBoardLED      
00000309  ConfigureI2C           
0000026d  ConfigureUART          
00000a11  DelayMs                
00000c21  GPIODirModeSet         
00000699  GPIOPadConfigSet       
00000ad5  GPIOPinConfigure       
00000cd3  GPIOPinTypeGPIOInput   
00000cb9  GPIOPinTypeGPIOOutput  
00000ce9  GPIOPinTypeI2C         
00000cff  GPIOPinTypeI2CSCL      
00000d15  GPIOPinTypeUART        
00000d5f  I2CMasterBusy          
00000d75  I2CMasterControl       
00000d79  I2CMasterDataPut       
00000d4b  I2CMasterEnable        
00000b21  I2CMasterInitExpClk    
00000d67  I2CMasterSlaveAddrSet  
0000037d  I2CSendData            
000005ad  LCDCur                 
0000051d  LCDInit                
000004b9  LCDSendCMD             
00000601  LCDSendData            
00000675  LCDSendString          
00000593  LCDclear               
00000d3f  ResetISR               
00000805  SysCtlClockGet         
0000091d  SysCtlClockSet         
00000d6f  SysCtlDelay            
00000bed  SysCtlPeripheralEnable 
00000bb5  SysCtlPeripheralReady  
00000d55  UARTCharPut            
00000b6d  UARTConfigSetExpClk    
00000c79  UARTDisable            
00000d2b  UARTEnable             
0000035b  UARTPrint              
20000200  __STACK_END            
00000200  __STACK_SIZE           
20000200  __STACK_TOP            
ffffffff  __TI_pprof_out_hndl    
ffffffff  __TI_prof_data_size    
ffffffff  __TI_prof_data_start   
00000000  __TI_static_base__     
ffffffff  __binit__              
ffffffff  __c_args__             
UNDEFED   __mpu_init             
20000000  __stack                
20000000  __start___llvm_prf_cnts
20000000  __stop___llvm_prf_cnts 
00000c4d  _c_int00_noinit_noargs 
00000d7d  _system_pre_init       
00000d81  abort                  
ffffffff  binit                  
00000000  g_pfnVectors           
00000a33  itoa                   
00000c99  main                   


GLOBAL SYMBOLS: SORTED BY Symbol Address 

address   name                   
-------   ----                   
00000000  __TI_static_base__     
00000000  g_pfnVectors           
00000200  __STACK_SIZE           
0000026d  ConfigureUART          
00000309  ConfigureI2C           
0000035b  UARTPrint              
0000037d  I2CSendData            
00000493  ConfigureBoardLED      
000004b9  LCDSendCMD             
0000051d  LCDInit                
00000593  LCDclear               
000005ad  LCDCur                 
00000601  LCDSendData            
00000675  LCDSendString          
00000699  GPIOPadConfigSet       
00000805  SysCtlClockGet         
0000091d  SysCtlClockSet         
00000a11  DelayMs                
00000a33  itoa                   
00000ad5  GPIOPinConfigure       
00000b21  I2CMasterInitExpClk    
00000b6d  UARTConfigSetExpClk    
00000bb5  SysCtlPeripheralReady  
00000bed  SysCtlPeripheralEnable 
00000c21  GPIODirModeSet         
00000c4d  _c_int00_noinit_noargs 
00000c79  UARTDisable            
00000c99  main                   
00000cb9  GPIOPinTypeGPIOOutput  
00000cd3  GPIOPinTypeGPIOInput   
00000ce9  GPIOPinTypeI2C         
00000cff  GPIOPinTypeI2CSCL      
00000d15  GPIOPinTypeUART        
00000d2b  UARTEnable             
00000d3f  ResetISR               
00000d4b  I2CMasterEnable        
00000d55  UARTCharPut            
00000d5f  I2CMasterBusy          
00000d67  I2CMasterSlaveAddrSet  
00000d6f  SysCtlDelay            
00000d75  I2CMasterControl       
00000d79  I2CMasterDataPut       
00000d7d  _system_pre_init       
00000d81  C$$EXIT                
00000d81  abort                  
20000000  __stack                
20000000  __start___llvm_prf_cnts
20000000  __stop___llvm_prf_cnts 
20000200  __STACK_END            
20000200  __STACK_TOP            
ffffffff  __TI_pprof_out_hndl    
ffffffff  __TI_prof_data_size    
ffffffff  __TI_prof_data_start   
ffffffff  __binit__              
ffffffff  __c_args__             
ffffffff  binit                  
UNDEFED   __mpu_init             

[57 symbols]
