******************************************************************************
                  TI ARM Linker PC v20.2.7                     
******************************************************************************
>> Linked Sun Dec 22 18:40:54 2024

OUTPUT FILE NAME:   <NetworkSwitchSimulation.out>
ENTRY POINT SYMBOL: "_c_int00_noinit_noargs"  address: 00000d11


MEMORY CONFIGURATION

         name            origin    length      used     unused   attr    fill
----------------------  --------  ---------  --------  --------  ----  --------
  FLASH                 00000000   00040000  00000f2e  0003f0d2  R  X
  SRAM                  20000000   00008000  00000200  00007e00  RW X


SEGMENT ALLOCATION MAP

run origin  load origin   length   init length attrs members
----------  ----------- ---------- ----------- ----- -------
00000000    00000000    00000f2e   00000f2e    r-x
  00000000    00000000    0000026c   0000026c    r-- .intvecs
  0000026c    0000026c    00000bbc   00000bbc    r-x .text
  00000e28    00000e28    00000106   00000106    r-- .const
20000000    20000000    00000200   00000000    rw-
  20000000    20000000    00000200   00000000    rw- .stack


SECTION ALLOCATION MAP

 output                                  attributes/
section   page    origin      length       input sections
--------  ----  ----------  ----------   ----------------
.intvecs   0    00000000    0000026c     
                  00000000    0000026c     tm4c123gh6pm_startup_ccs.obj (.intvecs)

.text      0    0000026c    00000bbc     
                  0000026c    0000042c     PeripheralConfiguration.obj (.text)
                  00000698    0000016c     driverlib.lib : gpio.obj (.text:GPIOPadConfigSet)
                  00000804    00000118                   : sysctl.obj (.text:SysCtlClockGet)
                  0000091c    000000f4                   : sysctl.obj (.text:SysCtlClockSet)
                  00000a10    000000c4     Util.obj (.text)
                  00000ad4    000000c4     main.obj (.text)
                  00000b98    0000004c     driverlib.lib : gpio.obj (.text:GPIOPinConfigure)
                  00000be4    0000004c                   : i2c.obj (.text:I2CMasterInitExpClk)
                  00000c30    00000046                   : uart.obj (.text:UARTConfigSetExpClk)
                  00000c76    00000002     --HOLE-- [fill = 0]
                  00000c78    00000038                   : sysctl.obj (.text:SysCtlPeripheralReady)
                  00000cb0    00000034                   : sysctl.obj (.text:SysCtlPeripheralEnable)
                  00000ce4    0000002c                   : gpio.obj (.text:GPIODirModeSet)
                  00000d10    0000002c     rtsv7M4_T_le_v4SPD16_eabi.lib : boot_cortex_m.c.obj (.text:_c_int00_noinit_noargs:_c_int00_noinit_noargs)
                  00000d3c    00000020     driverlib.lib : uart.obj (.text:UARTDisable)
                  00000d5c    0000001a                   : gpio.obj (.text:GPIOPinTypeGPIOOutput)
                  00000d76    00000016                   : gpio.obj (.text:GPIOPinTypeGPIOInput)
                  00000d8c    00000016                   : gpio.obj (.text:GPIOPinTypeI2C)
                  00000da2    00000016                   : gpio.obj (.text:GPIOPinTypeI2CSCL)
                  00000db8    00000016                   : gpio.obj (.text:GPIOPinTypeUART)
                  00000dce    00000014                   : uart.obj (.text:UARTEnable)
                  00000de2    0000000c     tm4c123gh6pm_startup_ccs.obj (.text)
                  00000dee    0000000a     driverlib.lib : i2c.obj (.text:I2CMasterEnable)
                  00000df8    0000000a                   : uart.obj (.text:UARTCharPut)
                  00000e02    00000008                   : i2c.obj (.text:I2CMasterBusy)
                  00000e0a    00000008                   : i2c.obj (.text:I2CMasterSlaveAddrSet)
                  00000e12    00000006                   : sysctl.obj (.text:SysCtlDelay)
                  00000e18    00000004                   : i2c.obj (.text:I2CMasterControl)
                  00000e1c    00000004                   : i2c.obj (.text:I2CMasterDataPut)
                  00000e20    00000004     rtsv7M4_T_le_v4SPD16_eabi.lib : pre_init.c.obj (.text:_system_pre_init)
                  00000e24    00000004                                   : exit.c.obj (.text:abort:abort)

.const     0    00000e28    00000106     
                  00000e28    00000090     driverlib.lib : gpio.obj (.const:g_pui32GPIOBaseAddrs)
                  00000eb8    0000006c                   : sysctl.obj (.const:g_pui32Xtals)
                  00000f24    0000000a     main.obj (.const:.string:$P$T0$1)

.cinit     0    00000000    00000000     UNINITIALIZED

.init_array 
*          0    00000000    00000000     UNINITIALIZED

.stack     0    20000000    00000200     UNINITIALIZED
                  20000000    00000004     rtsv7M4_T_le_v4SPD16_eabi.lib : boot_cortex_m.c.obj (.stack)
                  20000004    000001fc     --HOLE--

__llvm_prf_cnts 
*          0    20000000    00000000     UNINITIALIZED

MODULE SUMMARY

       Module                         code   ro data   rw data
       ------                         ----   -------   -------
    .\src\
       PeripheralConfiguration.obj    1068   0         0      
       tm4c123gh6pm_startup_ccs.obj   12     620       0      
       main.obj                       196    10        0      
       Util.obj                       196    0         0      
    +--+------------------------------+------+---------+---------+
       Total:                         1472   630       0      
                                                              
    C:/ti/TivaWare_C_Series-2.2.0.295/driverlib/ccs/Debug/driverlib.lib
       sysctl.obj                     638    108       0      
       gpio.obj                       598    144       0      
       uart.obj                       132    0         0      
       i2c.obj                        110    0         0      
    +--+------------------------------+------+---------+---------+
       Total:                         1478   252       0      
                                                              
    C:\ti\ccs1220\ccs\tools\compiler\ti-cgt-arm_20.2.7.LTS\lib\rtsv7M4_T_le_v4SPD16_eabi.lib
       boot_cortex_m.c.obj            44     0         0      
       exit.c.obj                     4      0         0      
       pre_init.c.obj                 4      0         0      
    +--+------------------------------+------+---------+---------+
       Total:                         52     0         0      
                                                              
       Stack:                         0      0         512    
    +--+------------------------------+------+---------+---------+
       Grand Total:                   3002   882       512    


GLOBAL SYMBOLS: SORTED ALPHABETICALLY BY Name 

address   name                   
-------   ----                   
00000e25  C$$EXIT                
00000493  ConfigureBoardLED      
00000309  ConfigureI2C           
0000026d  ConfigureUART          
00000a11  DelayMs                
00000ce5  GPIODirModeSet         
00000699  GPIOPadConfigSet       
00000b99  GPIOPinConfigure       
00000d77  GPIOPinTypeGPIOInput   
00000d5d  GPIOPinTypeGPIOOutput  
00000d8d  GPIOPinTypeI2C         
00000da3  GPIOPinTypeI2CSCL      
00000db9  GPIOPinTypeUART        
00000e03  I2CMasterBusy          
00000e19  I2CMasterControl       
00000e1d  I2CMasterDataPut       
00000def  I2CMasterEnable        
00000be5  I2CMasterInitExpClk    
00000e0b  I2CMasterSlaveAddrSet  
0000037d  I2CSendData            
000005ad  LCDCur                 
0000051d  LCDInit                
000004b9  LCDSendCMD             
00000601  LCDSendData            
00000675  LCDSendString          
00000593  LCDclear               
00000de3  ResetISR               
00000805  SysCtlClockGet         
0000091d  SysCtlClockSet         
00000e13  SysCtlDelay            
00000cb1  SysCtlPeripheralEnable 
00000c79  SysCtlPeripheralReady  
00000df9  UARTCharPut            
00000c31  UARTConfigSetExpClk    
00000d3d  UARTDisable            
00000dcf  UARTEnable             
0000035b  UARTPrint              
20000200  __STACK_END            
00000200  __STACK_SIZE           
20000200  __STACK_TOP            
ffffffff  __TI_pprof_out_hndl    
ffffffff  __TI_prof_data_size    
ffffffff  __TI_prof_data_start   
00000000  __TI_static_base__     
ffffffff  __binit__              
ffffffff  __c_args__             
UNDEFED   __mpu_init             
20000000  __stack                
20000000  __start___llvm_prf_cnts
20000000  __stop___llvm_prf_cnts 
00000d11  _c_int00_noinit_noargs 
00000e21  _system_pre_init       
00000e25  abort                  
ffffffff  binit                  
00000000  g_pfnVectors           
00000a33  itoa                   
00000ad5  main                   


GLOBAL SYMBOLS: SORTED BY Symbol Address 

address   name                   
-------   ----                   
00000000  __TI_static_base__     
00000000  g_pfnVectors           
00000200  __STACK_SIZE           
0000026d  ConfigureUART          
00000309  ConfigureI2C           
0000035b  UARTPrint              
0000037d  I2CSendData            
00000493  ConfigureBoardLED      
000004b9  LCDSendCMD             
0000051d  LCDInit                
00000593  LCDclear               
000005ad  LCDCur                 
00000601  LCDSendData            
00000675  LCDSendString          
00000699  GPIOPadConfigSet       
00000805  SysCtlClockGet         
0000091d  SysCtlClockSet         
00000a11  DelayMs                
00000a33  itoa                   
00000ad5  main                   
00000b99  GPIOPinConfigure       
00000be5  I2CMasterInitExpClk    
00000c31  UARTConfigSetExpClk    
00000c79  SysCtlPeripheralReady  
00000cb1  SysCtlPeripheralEnable 
00000ce5  GPIODirModeSet         
00000d11  _c_int00_noinit_noargs 
00000d3d  UARTDisable            
00000d5d  GPIOPinTypeGPIOOutput  
00000d77  GPIOPinTypeGPIOInput   
00000d8d  GPIOPinTypeI2C         
00000da3  GPIOPinTypeI2CSCL      
00000db9  GPIOPinTypeUART        
00000dcf  UARTEnable             
00000de3  ResetISR               
00000def  I2CMasterEnable        
00000df9  UARTCharPut            
00000e03  I2CMasterBusy          
00000e0b  I2CMasterSlaveAddrSet  
00000e13  SysCtlDelay            
00000e19  I2CMasterControl       
00000e1d  I2CMasterDataPut       
00000e21  _system_pre_init       
00000e25  C$$EXIT                
00000e25  abort                  
20000000  __stack                
20000000  __start___llvm_prf_cnts
20000000  __stop___llvm_prf_cnts 
20000200  __STACK_END            
20000200  __STACK_TOP            
ffffffff  __TI_pprof_out_hndl    
ffffffff  __TI_prof_data_size    
ffffffff  __TI_prof_data_start   
ffffffff  __binit__              
ffffffff  __c_args__             
ffffffff  binit                  
UNDEFED   __mpu_init             

[57 symbols]
