******************************************************************************
                  TI ARM Linker PC v20.2.7                     
******************************************************************************
>> Linked Thu Dec 19 20:27:17 2024

OUTPUT FILE NAME:   <TestingUART.out>
ENTRY POINT SYMBOL: "_c_int00_noargs"  address: 000019d9


MEMORY CONFIGURATION

         name            origin    length      used     unused   attr    fill
----------------------  --------  ---------  --------  --------  ----  --------
  FLASH                 00000000   00040000  00001da6  0003e25a  R  X
  SRAM                  20000000   00008000  0000046c  00007b94  RW X


SEGMENT ALLOCATION MAP

run origin  load origin   length   init length attrs members
----------  ----------- ---------- ----------- ----- -------
00000000    00000000    00001dac   00001dac    r-x
  00000000    00000000    0000026c   0000026c    r-- .intvecs
  0000026c    0000026c    000017ea   000017ea    r-x .text
  00001a58    00001a58    0000033c   0000033c    r-- .const
  00001d98    00001d98    00000014   00000014    r-- .cinit
20000000    20000000    00000470   00000000    rw-
  20000000    20000000    0000026c   00000000    rw- .vtable
  20000270    20000270    00000200   00000000    rw- .stack


SECTION ALLOCATION MAP

 output                                  attributes/
section   page    origin      length       input sections
--------  ----  ----------  ----------   ----------------
.intvecs   0    00000000    0000026c     
                  00000000    0000026c     tm4c123gh6pm_startup_ccs.obj (.intvecs)

.text      0    0000026c    000017ea     
                  0000026c    00000c14     gpio.obj (.text)
                  00000e80    0000062e     uart.obj (.text)
                  000014ae    00000002     driverlib.lib : interrupt.obj (.text:_IntDefaultHandler)
                  000014b0    00000168     main.obj (.text)
                  00001618    00000118     driverlib.lib : sysctl.obj (.text:SysCtlClockGet)
                  00001730    000000f4                   : sysctl.obj (.text:SysCtlClockSet)
                  00001824    00000068                   : interrupt.obj (.text:IntDisable)
                  0000188c    00000068                   : interrupt.obj (.text:IntEnable)
                  000018f4    00000044     rtsv7M4_T_le_v4SPD16_eabi.lib : autoinit.c.obj (.text:__TI_auto_init_nobinit_nopinit:__TI_auto_init_nobinit_nopinit)
                  00001938    00000038     driverlib.lib : sysctl.obj (.text:SysCtlPeripheralReady)
                  00001970    00000034                   : interrupt.obj (.text:IntRegister)
                  000019a4    00000034                   : sysctl.obj (.text:SysCtlPeripheralEnable)
                  000019d8    00000034     rtsv7M4_T_le_v4SPD16_eabi.lib : boot_cortex_m.c.obj (.text:_c_int00_noargs:_c_int00_noargs)
                  00001a0c    0000001c                                   : copy_zero_init.c.obj (.text:decompress:ZI:__TI_zero_init_nomemset:__TI_zero_init_nomemset)
                  00001a28    00000014     driverlib.lib : interrupt.obj (.text:IntUnregister)
                  00001a3c    0000000c     tm4c123gh6pm_startup_ccs.obj (.text)
                  00001a48    00000006     driverlib.lib : sysctl.obj (.text:SysCtlDelay)
                  00001a4e    00000004     rtsv7M4_T_le_v4SPD16_eabi.lib : pre_init.c.obj (.text:_system_pre_init)
                  00001a52    00000004                                   : exit.c.obj (.text:abort:abort)

.const     0    00001a58    0000033c     
                  00001a58    000000d8     gpio.obj (.const:g_ppui32GPIOIntMapSnowflake)
                  00001b30    000000c0     gpio.obj (.const:g_ppui32GPIOIntMapBlizzard)
                  00001bf0    00000090     gpio.obj (.const:g_pui32GPIOBaseAddrs)
                  00001c80    0000006c     driverlib.lib : sysctl.obj (.const:g_pui32Xtals)
                  00001cec    00000040     uart.obj (.const:g_ppui32UARTIntMap)
                  00001d2c    00000040     uart.obj (.const:g_ppui32UARTIntMapSnowflake)
                  00001d6c    00000014     driverlib.lib : interrupt.obj (.const:g_pui32Dii16Regs)
                  00001d80    00000014                   : interrupt.obj (.const:g_pui32EnRegs)

.cinit     0    00001d98    00000014     
                  00001d98    00000008     (.cinit..vtable.load) [load image, compression = zero_init]
                  00001da0    00000004     (__TI_handler_table)
                  00001da4    00000008     (__TI_cinit_table)

.init_array 
*          0    00000000    00000000     UNINITIALIZED

.vtable    0    20000000    0000026c     UNINITIALIZED
                  20000000    0000026c     driverlib.lib : interrupt.obj (.vtable)

.stack     0    20000270    00000200     UNINITIALIZED
                  20000270    00000004     rtsv7M4_T_le_v4SPD16_eabi.lib : boot_cortex_m.c.obj (.stack)
                  20000274    000001fc     --HOLE--

__llvm_prf_cnts 
*          0    20000000    00000000     UNINITIALIZED

MODULE SUMMARY

       Module                         code   ro data   rw data
       ------                         ----   -------   -------
    .\
       gpio.obj                       3092   552       0      
       uart.obj                       1582   128       0      
       tm4c123gh6pm_startup_ccs.obj   12     620       0      
       main.obj                       360    0         0      
    +--+------------------------------+------+---------+---------+
       Total:                         5046   1300      0      
                                                              
    ../driverlib.lib
       interrupt.obj                  282    40        620    
       sysctl.obj                     638    108       0      
    +--+------------------------------+------+---------+---------+
       Total:                         920    148       620    
                                                              
    C:\ti\ccs1220\ccs\tools\compiler\ti-cgt-arm_20.2.7.LTS\lib\rtsv7M4_T_le_v4SPD16_eabi.lib
       autoinit.c.obj                 68     0         0      
       boot_cortex_m.c.obj            52     0         0      
       copy_zero_init.c.obj           28     0         0      
       exit.c.obj                     4      0         0      
       pre_init.c.obj                 4      0         0      
    +--+------------------------------+------+---------+---------+
       Total:                         156    0         0      
                                                              
       Stack:                         0      0         512    
       Linker Generated:              0      20        0      
    +--+------------------------------+------+---------+---------+
       Grand Total:                   6122   1468      1132   


LINKER GENERATED COPY TABLES

__TI_cinit_table @ 00001da4 records: 1, size/record: 8, table size: 8
	.vtable: load addr=00001d98, load size=00000008 bytes, run addr=20000000, run size=0000026c bytes, compression=zero_init


LINKER GENERATED HANDLER TABLE

__TI_handler_table @ 00001da0 records: 1, size/record: 4, table size: 4
	index: 0, handler: __TI_zero_init


GLOBAL SYMBOLS: SORTED ALPHABETICALLY BY Name 

address   name                          
-------   ----                          
00001a53  C$$EXIT                       
0000156f  ConfigureBoardLED             
000014b1  ConfigureUART                 
00000e31  GPIOADCTriggerDisable         
00000e13  GPIOADCTriggerEnable          
00000df5  GPIODMATriggerDisable         
00000dd7  GPIODMATriggerEnable          
00000327  GPIODirModeGet                
000002cb  GPIODirModeSet                
000008e1  GPIOIntClear                  
000008a5  GPIOIntDisable                
00000881  GPIOIntEnable                 
000008f5  GPIOIntRegister               
0000092d  GPIOIntRegisterPin            
000008bf  GPIOIntStatus                 
00000417  GPIOIntTypeGet                
00000373  GPIOIntTypeSet                
00000913  GPIOIntUnregister             
0000095b  GPIOIntUnregisterPin          
0000070f  GPIOPadConfigGet              
000004a1  GPIOPadConfigSet              
00000d79  GPIOPinConfigure              
0000097f  GPIOPinRead                   
000009b7  GPIOPinTypeADC                
000009db  GPIOPinTypeCAN                
000009ff  GPIOPinTypeComparator         
00000a23  GPIOPinTypeComparatorOutput   
00000a47  GPIOPinTypeDIVSCLK            
00000a6b  GPIOPinTypeEPI                
00000a8f  GPIOPinTypeEthernetLED        
00000ab3  GPIOPinTypeEthernetMII        
00000ad7  GPIOPinTypeGPIOInput          
00000afb  GPIOPinTypeGPIOOutput         
00000b25  GPIOPinTypeGPIOOutputOD       
00000b49  GPIOPinTypeHibernateRTCCLK    
00000b6d  GPIOPinTypeI2C                
00000b91  GPIOPinTypeI2CSCL             
00000bb5  GPIOPinTypeLCD                
00000bd9  GPIOPinTypeOneWire            
00000bfd  GPIOPinTypePWM                
00000c21  GPIOPinTypeQEI                
00000c45  GPIOPinTypeSSI                
00000c69  GPIOPinTypeTimer              
00000c8d  GPIOPinTypeTrace              
00000cb1  GPIOPinTypeUART               
00000cd5  GPIOPinTypeUSBAnalog          
00000cf9  GPIOPinTypeUSBDigital         
00000d1d  GPIOPinTypeWakeHigh           
00000d43  GPIOPinTypeWakeLow            
00000d69  GPIOPinWakeStatus             
00000997  GPIOPinWrite                  
00000e4f  GPIOUnlockPin                 
00001825  IntDisable                    
0000188d  IntEnable                     
00001971  IntRegister                   
00001a29  IntUnregister                 
00001a3d  ResetISR                      
00001619  SysCtlClockGet                
00001731  SysCtlClockSet                
00001a49  SysCtlDelay                   
000019a5  SysCtlPeripheralEnable        
00001939  SysCtlPeripheralReady         
00001451  UART9BitAddrSend              
0000142b  UART9BitAddrSet               
00001415  UART9BitDisable               
000013ff  UART9BitEnable                
000012a3  UARTBreakCtl                  
000012cd  UARTBusy                      
0000124b  UARTCharGet                   
0000122f  UARTCharGetNonBlocking        
00001285  UARTCharPut                   
00001261  UARTCharPutNonBlocking        
000011f3  UARTCharsAvail                
000013ef  UARTClockSourceGet            
000013db  UARTClockSourceSet            
00000fc3  UARTConfigGetExpClk           
00000f4d  UARTConfigSetExpClk           
000013a1  UARTDMADisable                
00001389  UARTDMAEnable                 
00001033  UARTDisable                   
000010b7  UARTDisableSIR                
0000100f  UARTEnable                    
00001089  UARTEnableSIR                 
00001073  UARTFIFODisable               
0000105d  UARTFIFOEnable                
00000f25  UARTFIFOLevelGet              
00000f0d  UARTFIFOLevelSet              
000011b3  UARTFlowControlGet            
00001197  UARTFlowControlSet            
00001377  UARTIntClear                  
00001341  UARTIntDisable                
00001329  UARTIntEnable                 
000012eb  UARTIntRegister               
00001359  UARTIntStatus                 
00001309  UARTIntUnregister             
00001499  UARTLoopbackEnable            
0000114d  UARTModemControlClear         
00001171  UARTModemControlGet           
00001115  UARTModemControlSet           
00001183  UARTModemStatusGet            
00000efb  UARTParityModeGet             
00000edf  UARTParityModeSet             
0000154d  UARTPrint                     
000013cb  UARTRxErrorClear              
000013b9  UARTRxErrorGet                
000010ff  UARTSmartCardDisable          
000010cd  UARTSmartCardEnable           
00001211  UARTSpaceAvail                
000011e1  UARTTxIntModeGet              
000011c5  UARTTxIntModeSet              
20000470  __STACK_END                   
00000200  __STACK_SIZE                  
20000470  __STACK_TOP                   
00001da4  __TI_CINIT_Base               
00001dac  __TI_CINIT_Limit              
00001da0  __TI_Handler_Table_Base       
00001da4  __TI_Handler_Table_Limit      
000018f5  __TI_auto_init_nobinit_nopinit
ffffffff  __TI_pprof_out_hndl           
ffffffff  __TI_prof_data_size           
ffffffff  __TI_prof_data_start          
00000000  __TI_static_base__            
00001a0d  __TI_zero_init_nomemset       
ffffffff  __binit__                     
ffffffff  __c_args__                    
UNDEFED   __mpu_init                    
20000270  __stack                       
20000000  __start___llvm_prf_cnts       
20000000  __stop___llvm_prf_cnts        
000019d9  _c_int00_noargs               
UNDEFED   _system_post_cinit            
00001a4f  _system_pre_init              
00001a53  abort                         
ffffffff  binit                         
20000000  g_pfnRAMVectors               
00000000  g_pfnVectors                  
00001595  main                          


GLOBAL SYMBOLS: SORTED BY Symbol Address 

address   name                          
-------   ----                          
00000000  __TI_static_base__            
00000000  g_pfnVectors                  
00000200  __STACK_SIZE                  
000002cb  GPIODirModeSet                
00000327  GPIODirModeGet                
00000373  GPIOIntTypeSet                
00000417  GPIOIntTypeGet                
000004a1  GPIOPadConfigSet              
0000070f  GPIOPadConfigGet              
00000881  GPIOIntEnable                 
000008a5  GPIOIntDisable                
000008bf  GPIOIntStatus                 
000008e1  GPIOIntClear                  
000008f5  GPIOIntRegister               
00000913  GPIOIntUnregister             
0000092d  GPIOIntRegisterPin            
0000095b  GPIOIntUnregisterPin          
0000097f  GPIOPinRead                   
00000997  GPIOPinWrite                  
000009b7  GPIOPinTypeADC                
000009db  GPIOPinTypeCAN                
000009ff  GPIOPinTypeComparator         
00000a23  GPIOPinTypeComparatorOutput   
00000a47  GPIOPinTypeDIVSCLK            
00000a6b  GPIOPinTypeEPI                
00000a8f  GPIOPinTypeEthernetLED        
00000ab3  GPIOPinTypeEthernetMII        
00000ad7  GPIOPinTypeGPIOInput          
00000afb  GPIOPinTypeGPIOOutput         
00000b25  GPIOPinTypeGPIOOutputOD       
00000b49  GPIOPinTypeHibernateRTCCLK    
00000b6d  GPIOPinTypeI2C                
00000b91  GPIOPinTypeI2CSCL             
00000bb5  GPIOPinTypeLCD                
00000bd9  GPIOPinTypeOneWire            
00000bfd  GPIOPinTypePWM                
00000c21  GPIOPinTypeQEI                
00000c45  GPIOPinTypeSSI                
00000c69  GPIOPinTypeTimer              
00000c8d  GPIOPinTypeTrace              
00000cb1  GPIOPinTypeUART               
00000cd5  GPIOPinTypeUSBAnalog          
00000cf9  GPIOPinTypeUSBDigital         
00000d1d  GPIOPinTypeWakeHigh           
00000d43  GPIOPinTypeWakeLow            
00000d69  GPIOPinWakeStatus             
00000d79  GPIOPinConfigure              
00000dd7  GPIODMATriggerEnable          
00000df5  GPIODMATriggerDisable         
00000e13  GPIOADCTriggerEnable          
00000e31  GPIOADCTriggerDisable         
00000e4f  GPIOUnlockPin                 
00000edf  UARTParityModeSet             
00000efb  UARTParityModeGet             
00000f0d  UARTFIFOLevelSet              
00000f25  UARTFIFOLevelGet              
00000f4d  UARTConfigSetExpClk           
00000fc3  UARTConfigGetExpClk           
0000100f  UARTEnable                    
00001033  UARTDisable                   
0000105d  UARTFIFOEnable                
00001073  UARTFIFODisable               
00001089  UARTEnableSIR                 
000010b7  UARTDisableSIR                
000010cd  UARTSmartCardEnable           
000010ff  UARTSmartCardDisable          
00001115  UARTModemControlSet           
0000114d  UARTModemControlClear         
00001171  UARTModemControlGet           
00001183  UARTModemStatusGet            
00001197  UARTFlowControlSet            
000011b3  UARTFlowControlGet            
000011c5  UARTTxIntModeSet              
000011e1  UARTTxIntModeGet              
000011f3  UARTCharsAvail                
00001211  UARTSpaceAvail                
0000122f  UARTCharGetNonBlocking        
0000124b  UARTCharGet                   
00001261  UARTCharPutNonBlocking        
00001285  UARTCharPut                   
000012a3  UARTBreakCtl                  
000012cd  UARTBusy                      
000012eb  UARTIntRegister               
00001309  UARTIntUnregister             
00001329  UARTIntEnable                 
00001341  UARTIntDisable                
00001359  UARTIntStatus                 
00001377  UARTIntClear                  
00001389  UARTDMAEnable                 
000013a1  UARTDMADisable                
000013b9  UARTRxErrorGet                
000013cb  UARTRxErrorClear              
000013db  UARTClockSourceSet            
000013ef  UARTClockSourceGet            
000013ff  UART9BitEnable                
00001415  UART9BitDisable               
0000142b  UART9BitAddrSet               
00001451  UART9BitAddrSend              
00001499  UARTLoopbackEnable            
000014b1  ConfigureUART                 
0000154d  UARTPrint                     
0000156f  ConfigureBoardLED             
00001595  main                          
00001619  SysCtlClockGet                
00001731  SysCtlClockSet                
00001825  IntDisable                    
0000188d  IntEnable                     
000018f5  __TI_auto_init_nobinit_nopinit
00001939  SysCtlPeripheralReady         
00001971  IntRegister                   
000019a5  SysCtlPeripheralEnable        
000019d9  _c_int00_noargs               
00001a0d  __TI_zero_init_nomemset       
00001a29  IntUnregister                 
00001a3d  ResetISR                      
00001a49  SysCtlDelay                   
00001a4f  _system_pre_init              
00001a53  C$$EXIT                       
00001a53  abort                         
00001da0  __TI_Handler_Table_Base       
00001da4  __TI_CINIT_Base               
00001da4  __TI_Handler_Table_Limit      
00001dac  __TI_CINIT_Limit              
20000000  __start___llvm_prf_cnts       
20000000  __stop___llvm_prf_cnts        
20000000  g_pfnRAMVectors               
20000270  __stack                       
20000470  __STACK_END                   
20000470  __STACK_TOP                   
ffffffff  __TI_pprof_out_hndl           
ffffffff  __TI_prof_data_size           
ffffffff  __TI_prof_data_start          
ffffffff  __binit__                     
ffffffff  __c_args__                    
ffffffff  binit                         
UNDEFED   __mpu_init                    
UNDEFED   _system_post_cinit            

[137 symbols]
